Component: ARM Compiler 5.06 update 3 (build 300) Tool: armlink [4d35c9]

==============================================================================

Section Cross References

    startup_mkl46z4.o(STACK) refers (Special) to heapauxi.o(.text) for __use_two_region_memory
    startup_mkl46z4.o(HEAP) refers (Special) to heapauxi.o(.text) for __use_two_region_memory
    startup_mkl46z4.o(RESET) refers (Special) to heapauxi.o(.text) for __use_two_region_memory
    startup_mkl46z4.o(RESET) refers to startup_mkl46z4.o(STACK) for __initial_sp
    startup_mkl46z4.o(RESET) refers to startup_mkl46z4.o(.text) for Reset_Handler
    startup_mkl46z4.o(RESET) refers to systick.o(.text) for SysTick_Handler
    startup_mkl46z4.o(RESET) refers to bluetooth_connection.o(.text) for UART1_IRQHandler
    startup_mkl46z4.o(RESET) refers to tpm_o.o(.text) for TPM0_IRQHandler
    startup_mkl46z4.o(RESET) refers to receiver.o(.text) for TPM1_IRQHandler
    startup_mkl46z4.o(RESET) refers to main.o(.text) for TPM2_IRQHandler
    startup_mkl46z4.o(.ARM.__at_0x400) refers (Special) to heapauxi.o(.text) for __use_two_region_memory
    startup_mkl46z4.o(.text) refers (Special) to heapauxi.o(.text) for __use_two_region_memory
    startup_mkl46z4.o(.text) refers to __main.o(!!!main) for __main
    startup_mkl46z4.o(.text) refers to startup_mkl46z4.o(HEAP) for Heap_Mem
    startup_mkl46z4.o(.text) refers to startup_mkl46z4.o(STACK) for Stack_Mem
    acc.o(.text) refers to i2c.o(.text) for i2c_start
    acc.o(.text) refers to fflti.o(.text) for __aeabi_i2f
    acc.o(.text) refers to fdiv.o(.text) for __aeabi_fdiv
    acc.o(.text) refers to f2d.o(.text) for __aeabi_f2d
    acc.o(.text) refers to dmul.o(.text) for __aeabi_dmul
    acc.o(.text) refers to daddsub.o(.text) for __aeabi_dadd
    acc.o(.text) refers to d2f.o(.text) for __aeabi_d2f
    acc.o(.text) refers to atan2.o(i.atan2) for atan2
    acc.o(.text) refers to ddiv.o(.text) for __aeabi_ddiv
    acc.o(.text) refers to fmul.o(x$fpl$fmul) for __aeabi_fmul
    acc.o(.text) refers to faddsub.o(x$fpl$fadd) for __aeabi_fadd
    acc.o(.text) refers to sqrt.o(i.sqrt) for sqrt
    adafruit_modul.o(.text) refers to i2c.o(.text) for i2c_start
    adafruit_modul.o(.text) refers to fflti.o(.text) for __aeabi_i2f
    adafruit_modul.o(.text) refers to fmul.o(x$fpl$fmul) for __aeabi_fmul
    adafruit_modul.o(.text) refers to led.o(.text) for tooglesLED
    adafruit_modul.o(.text) refers to faddsub.o(x$fpl$fadd) for __aeabi_fadd
    adafruit_modul.o(.text) refers to f2d.o(.text) for __aeabi_f2d
    adafruit_modul.o(.text) refers to daddsub.o(.text) for __aeabi_dsub
    adafruit_modul.o(.text) refers to d2f.o(.text) for __aeabi_d2f
    adafruit_modul.o(.text) refers to bluetooth_connection.o(.text) for send_debug_data
    adafruit_modul.o(.text) refers to fdiv.o(.text) for __aeabi_fdiv
    adafruit_modul.o(.text) refers to faddsub.o(x$fpl$fsub) for __aeabi_fsub
    adafruit_modul.o(.text) refers to atan2f.o(i.atan2f) for atan2f
    adafruit_modul.o(.text) refers to dmul.o(.text) for __aeabi_dmul
    adafruit_modul.o(.text) refers to frlef.o(x$fpl$frleqf) for __aeabi_cfrcmple
    adafruit_modul.o(.text) refers to flef.o(x$fpl$fleqf) for __aeabi_cfcmple
    adafruit_modul.o(.text) refers to adafruit_modul.o(.data) for _lsm303Accel_MG_LSB
    adafruit_modul.o(.text) refers to adafruit_modul.o(.bss) for acc_values
    adafruit_modul.o(.text) refers to ffixi.o(.text) for __aeabi_f2iz
    adafruit_modul.o(.text) refers to pow.o(i.pow) for pow
    adafruit_modul.o(.text) refers to sqrt.o(i.sqrt) for sqrt
    adafruit_modul.o(.text) refers to arm_sin_f32.o(.text) for arm_sin_f32
    adafruit_modul.o(.text) refers to arm_cos_f32.o(.text) for arm_cos_f32
    adafruit_modul.o(.text) refers to atan.o(i.atan) for atan
    adafruit_modul.o(.text) refers to feqf.o(x$fpl$feqf) for __aeabi_cfcmpeq
    adafruit_modul.o(.text) refers to debug.o(.text) for print
    adafruit_modul.o(.text) refers to filter.o(.text) for acc_low_pass_filter
    adafruit_modul.o(.text) refers to main.o(.data) for DELTA_T
    adc16.o(.text) refers to adc16.o(.data) for adc_isrv_result
    bluetooth_connection.o(.text) refers to rt_memcpy.o(.text) for __aeabi_memcpy
    bluetooth_connection.o(.text) refers to uart.o(.text) for uart_putchar
    bluetooth_connection.o(.text) refers to bluetooth_connection.o(i.__ARM_common_switch8) for __ARM_common_switch8
    bluetooth_connection.o(.text) refers to noretval__2printf.o(.text) for __2printf
    bluetooth_connection.o(.text) refers to adafruit_modul.o(.text) for start_calibration
    bluetooth_connection.o(.text) refers to interrupt.o(.text) for enable_irq
    bluetooth_connection.o(.text) refers to bluetooth_connection.o(.bss) for uart_data_array
    bluetooth_connection.o(.text) refers to bluetooth_connection.o(.data) for uart_data_array_index
    bluetooth_connection.o(.text) refers to controller.o(.data) for ki_rate_roll
    bluetooth_connection.o(.text) refers to main.o(.data) for state
[...]
    ../mathlib/sin.c                         0x00000000   Number         0  sin.o ABSOLUTE
    ../mathlib/sin_i.c                       0x00000000   Number         0  sin_i_x.o ABSOLUTE
    ../mathlib/sin_i.c                       0x00000000   Number         0  sin_i.o ABSOLUTE
    ../mathlib/sqrt.c                        0x00000000   Number         0  sqrt_x.o ABSOLUTE
    ../mathlib/sqrt.c                        0x00000000   Number         0  sqrt.o ABSOLUTE
    ../mathlib/sqrtf.c                       0x00000000   Number         0  sqrtf.o ABSOLUTE
    ../mathlib/sqrtf.c                       0x00000000   Number         0  sqrtf_x.o ABSOLUTE
    ..\..\Source\CommonTables\arm_common_tables.c 0x00000000   Number         0  arm_common_tables.o ABSOLUTE
    ..\..\Source\FastMathFunctions\arm_cos_f32.c 0x00000000   Number         0  arm_cos_f32.o ABSOLUTE
    ..\..\Source\FastMathFunctions\arm_sin_f32.c 0x00000000   Number         0  arm_sin_f32.o ABSOLUTE
    ..\\..\\Source\\CommonTables\\arm_common_tables.c 0x00000000   Number         0  arm_common_tables.o ABSOLUTE
    ..\\..\\Source\\FastMathFunctions\\arm_cos_f32.c 0x00000000   Number         0  arm_cos_f32.o ABSOLUTE
    ..\\..\\Source\\FastMathFunctions\\arm_sin_f32.c 0x00000000   Number         0  arm_sin_f32.o ABSOLUTE
    Src\Retarget.c                           0x00000000   Number         0  retarget.o ABSOLUTE
    Src\TPM_o.c                              0x00000000   Number         0  tpm_o.o ABSOLUTE
    Src\\Retarget.c                          0x00000000   Number         0  retarget.o ABSOLUTE
    Src\\acc.c                               0x00000000   Number         0  acc.o ABSOLUTE
    Src\\adafruit_modul.c                    0x00000000   Number         0  adafruit_modul.o ABSOLUTE
    Src\\bluetooth_connection.c              0x00000000   Number         0  bluetooth_connection.o ABSOLUTE
    Src\\buzzer.c                            0x00000000   Number         0  buzzer.o ABSOLUTE
    Src\\controller.c                        0x00000000   Number         0  controller.o ABSOLUTE
    Src\\debug.c                             0x00000000   Number         0  debug.o ABSOLUTE
    Src\\dma.c                               0x00000000   Number         0  dma.o ABSOLUTE
    Src\\extended_math.c                     0x00000000   Number         0  extended_math.o ABSOLUTE
    Src\\filter.c                            0x00000000   Number         0  filter.o ABSOLUTE
    Src\\i2c.c                               0x00000000   Number         0  i2c.o ABSOLUTE
    Src\\interrupt.c                         0x00000000   Number         0  interrupt.o ABSOLUTE
    Src\\io.c                                0x00000000   Number         0  io.o ABSOLUTE
    Src\\kalman_filter.c                     0x00000000   Number         0  kalman_filter.o ABSOLUTE
    Src\\led.c                               0x00000000   Number         0  led.o ABSOLUTE
    Src\\lptmr.c                             0x00000000   Number         0  lptmr.o ABSOLUTE
    Src\\main.c                              0x00000000   Number         0  main.o ABSOLUTE
    Src\\mcg.c                               0x00000000   Number         0  mcg.o ABSOLUTE
    Src\\pwm.c                               0x00000000   Number         0  pwm.o ABSOLUTE
    Src\\receiver.c                          0x00000000   Number         0  receiver.o ABSOLUTE
    Src\\sensor_fusion.c                     0x00000000   Number         0  sensor_fusion.o ABSOLUTE
    Src\\sysTick.c                           0x00000000   Number         0  systick.o ABSOLUTE
    Src\\sysinit.c                           0x00000000   Number         0  sysinit.o ABSOLUTE
    Src\\tpm.c                               0x00000000   Number         0  tpm.o ABSOLUTE
    Src\\uart.c                              0x00000000   Number         0  uart.o ABSOLUTE
    Src\acc.c                                0x00000000   Number         0  acc.o ABSOLUTE
    Src\adafruit_modul.c                     0x00000000   Number         0  adafruit_modul.o ABSOLUTE
    Src\adc16.c                              0x00000000   Number         0  adc16.o ABSOLUTE
    Src\bluetooth_connection.c               0x00000000   Number         0  bluetooth_connection.o ABSOLUTE
    Src\buzzer.c                             0x00000000   Number         0  buzzer.o ABSOLUTE
    Src\controller.c                         0x00000000   Number         0  controller.o ABSOLUTE
    Src\debug.c                              0x00000000   Number         0  debug.o ABSOLUTE
    Src\dma.c                                0x00000000   Number         0  dma.o ABSOLUTE
    Src\extended_math.c                      0x00000000   Number         0  extended_math.o ABSOLUTE
    Src\filter.c                             0x00000000   Number         0  filter.o ABSOLUTE
    Src\gyro.c                               0x00000000   Number         0  gyro.o ABSOLUTE
    Src\i2c.c                                0x00000000   Number         0  i2c.o ABSOLUTE
    Src\interrupt.c                          0x00000000   Number         0  interrupt.o ABSOLUTE
    Src\io.c                                 0x00000000   Number         0  io.o ABSOLUTE
    Src\kalman_filter.c                      0x00000000   Number         0  kalman_filter.o ABSOLUTE
    Src\led.c                                0x00000000   Number         0  led.o ABSOLUTE
    Src\lptmr.c                              0x00000000   Number         0  lptmr.o ABSOLUTE
    Src\mag.c                                0x00000000   Number         0  mag.o ABSOLUTE
    Src\main.c                               0x00000000   Number         0  main.o ABSOLUTE
    Src\mcg.c                                0x00000000   Number         0  mcg.o ABSOLUTE
    Src\pwm.c                                0x00000000   Number         0  pwm.o ABSOLUTE
    Src\receiver.c                           0x00000000   Number         0  receiver.o ABSOLUTE
    Src\sensor_fusion.c                      0x00000000   Number         0  sensor_fusion.o ABSOLUTE
    Src\startup_MKL46Z4.s                    0x00000000   Number         0  startup_mkl46z4.o ABSOLUTE
    Src\switches.c                           0x00000000   Number         0  switches.o ABSOLUTE
    Src\sysTick.c                            0x00000000   Number         0  systick.o ABSOLUTE
    Src\sysinit.c                            0x00000000   Number         0  sysinit.o ABSOLUTE
    Src\tpm.c                                0x00000000   Number         0  tpm.o ABSOLUTE
    Src\uart.c                               0x00000000   Number         0  uart.o ABSOLUTE
    dc.s                                     0x00000000   Number         0  dc.o ABSOLUTE
    !!!main                                  0x000000c0   Section        8  __main.o(!!!main)
    !!!scatter                               0x000000c8   Section       60  __scatter.o(!!!scatter)
    !!handler_copy                           0x00000104   Section       26  __scatter_copy.o(!!handler_copy)
    !!handler_zi                             0x00000120   Section       28  __scatter_zi.o(!!handler_zi)
    .ARM.Collect$$_printf_percent$$00000000  0x0000013c   Section        2  _printf_percent.o(.ARM.Collect$$_printf_percent$$00000000)
    .ARM.Collect$$_printf_percent$$00000017  0x0000013e   Section        4  _printf_percent_end.o(.ARM.Collect$$_printf_percent$$00000017)
    .ARM.Collect$$libinit$$00000000          0x00000142   Section        2  libinit.o(.ARM.Collect$$libinit$$00000000)
    .ARM.Collect$$libinit$$00000002          0x00000144   Section        0  libinit2.o(.ARM.Collect$$libinit$$00000002)
    .ARM.Collect$$libinit$$00000004          0x00000144   Section        0  libinit2.o(.ARM.Collect$$libinit$$00000004)
    .ARM.Collect$$libinit$$0000000A          0x00000144   Section        0  libinit2.o(.ARM.Collect$$libinit$$0000000A)
    .ARM.Collect$$libinit$$0000000C          0x00000144   Section        0  libinit2.o(.ARM.Collect$$libinit$$0000000C)
    .ARM.Collect$$libinit$$0000000E          0x00000144   Section        0  libinit2.o(.ARM.Collect$$libinit$$0000000E)
    .ARM.Collect$$libinit$$00000011          0x00000144   Section        0  libinit2.o(.ARM.Collect$$libinit$$00000011)
    .ARM.Collect$$libinit$$00000013          0x00000144   Section        0  libinit2.o(.ARM.Collect$$libinit$$00000013)
    .ARM.Collect$$libinit$$00000015          0x00000144   Section        0  libinit2.o(.ARM.Collect$$libinit$$00000015)
    .ARM.Collect$$libinit$$00000017          0x00000144   Section        0  libinit2.o(.ARM.Collect$$libinit$$00000017)
    .ARM.Collect$$libinit$$00000019          0x00000144   Section        0  libinit2.o(.ARM.Collect$$libinit$$00000019)
    .ARM.Collect$$libinit$$0000001B          0x00000144   Section        0  libinit2.o(.ARM.Collect$$libinit$$0000001B)
    .ARM.Collect$$libinit$$0000001D          0x00000144   Section        0  libinit2.o(.ARM.Collect$$libinit$$0000001D)
    .ARM.Collect$$libinit$$0000001F          0x00000144   Section        0  libinit2.o(.ARM.Collect$$libinit$$0000001F)
    .ARM.Collect$$libinit$$00000021          0x00000144   Section        0  libinit2.o(.ARM.Collect$$libinit$$00000021)
    .ARM.Collect$$libinit$$00000023          0x00000144   Section        0  libinit2.o(.ARM.Collect$$libinit$$00000023)
    .ARM.Collect$$libinit$$00000025          0x00000144   Section        0  libinit2.o(.ARM.Collect$$libinit$$00000025)
    .ARM.Collect$$libinit$$0000002C          0x00000144   Section        0  libinit2.o(.ARM.Collect$$libinit$$0000002C)
    .ARM.Collect$$libinit$$0000002E          0x00000144   Section        0  libinit2.o(.ARM.Collect$$libinit$$0000002E)
    .ARM.Collect$$libinit$$00000030          0x00000144   Section        0  libinit2.o(.ARM.Collect$$libinit$$00000030)
    .ARM.Collect$$libinit$$00000032          0x00000144   Section        0  libinit2.o(.ARM.Collect$$libinit$$00000032)
    .ARM.Collect$$libinit$$00000033          0x00000144   Section        2  libinit2.o(.ARM.Collect$$libinit$$00000033)
    .ARM.Collect$$libshutdown$$00000000      0x00000146   Section        2  libshutdown.o(.ARM.Collect$$libshutdown$$00000000)
    .ARM.Collect$$libshutdown$$00000002      0x00000148   Section        0  libshutdown2.o(.ARM.Collect$$libshutdown$$00000002)
    .ARM.Collect$$libshutdown$$00000004      0x00000148   Section        0  libshutdown2.o(.ARM.Collect$$libshutdown$$00000004)
    .ARM.Collect$$libshutdown$$00000007      0x00000148   Section        0  libshutdown2.o(.ARM.Collect$$libshutdown$$00000007)
    .ARM.Collect$$libshutdown$$0000000A      0x00000148   Section        0  libshutdown2.o(.ARM.Collect$$libshutdown$$0000000A)
    .ARM.Collect$$libshutdown$$0000000C      0x00000148   Section        0  libshutdown2.o(.ARM.Collect$$libshutdown$$0000000C)
    .ARM.Collect$$libshutdown$$0000000F      0x00000148   Section        0  libshutdown2.o(.ARM.Collect$$libshutdown$$0000000F)
    .ARM.Collect$$libshutdown$$00000010      0x00000148   Section        2  libshutdown2.o(.ARM.Collect$$libshutdown$$00000010)
    .ARM.Collect$$rtentry$$00000000          0x0000014a   Section        0  __rtentry.o(.ARM.Collect$$rtentry$$00000000)
    .ARM.Collect$$rtentry$$00000002          0x0000014a   Section        0  __rtentry2.o(.ARM.Collect$$rtentry$$00000002)
    .ARM.Collect$$rtentry$$00000004          0x0000014a   Section        6  __rtentry4.o(.ARM.Collect$$rtentry$$00000004)
    .ARM.Collect$$rtentry$$00000009          0x00000150   Section        0  __rtentry2.o(.ARM.Collect$$rtentry$$00000009)
    .ARM.Collect$$rtentry$$0000000A          0x00000150   Section        4  __rtentry2.o(.ARM.Collect$$rtentry$$0000000A)
    .ARM.Collect$$rtentry$$0000000C          0x00000154   Section        0  __rtentry2.o(.ARM.Collect$$rtentry$$0000000C)
    .ARM.Collect$$rtentry$$0000000D          0x00000154   Section        8  __rtentry2.o(.ARM.Collect$$rtentry$$0000000D)
    .ARM.Collect$$rtexit$$00000000           0x0000015c   Section        2  rtexit.o(.ARM.Collect$$rtexit$$00000000)
    .ARM.Collect$$rtexit$$00000002           0x0000015e   Section        0  rtexit2.o(.ARM.Collect$$rtexit$$00000002)
    .ARM.Collect$$rtexit$$00000003           0x0000015e   Section        4  rtexit2.o(.ARM.Collect$$rtexit$$00000003)
    .ARM.Collect$$rtexit$$00000004           0x00000162   Section        6  rtexit2.o(.ARM.Collect$$rtexit$$00000004)
    .emb_text                                0x00000168   Section       56  rt_memcpy.o(.emb_text)
    .text                                    0x000001a0   Section       44  startup_mkl46z4.o(.text)
    .text                                    0x000001cc   Section        0  buzzer.o(.text)
    .text                                    0x00000254   Section        0  debug.o(.text)
    .text                                    0x000003b4   Section        0  retarget.o(.text)
    .text                                    0x000003f8   Section        2  use_no_semi.o(.text)
    .text                                    0x000003fa   Section        0  heapauxi.o(.text)
    .ARM.__at_0x400                          0x00000400   Section       16  startup_mkl46z4.o(.ARM.__at_0x400)
    .text                                    0x00000410   Section        0  adafruit_modul.o(.text)
    .text                                    0x00001590   Section        0  bluetooth_connection.o(.text)
    .text                                    0x00001a70   Section        0  controller.o(.text)
    .text                                    0x00002100   Section        0  filter.o(.text)
    .text                                    0x000023b0   Section        0  i2c.o(.text)
    .text                                    0x00002540   Section        0  interrupt.o(.text)
    .text                                    0x000026f8   Section        0  kalman_filter.o(.text)
    .text                                    0x0000289c   Section        0  led.o(.text)
    .text                                    0x00002a1c   Section        0  main.o(.text)
    .text                                    0x00002c78   Section        0  mcg.o(.text)
    .text                                    0x00002f90   Section        0  pwm.o(.text)
    .text                                    0x0000304c   Section        0  receiver.o(.text)
    .text                                    0x000032b0   Section        0  sensor_fusion.o(.text)
    .text                                    0x000033f0   Section        0  sysinit.o(.text)
    .text                                    0x000035a0   Section        0  systick.o(.text)
    .text                                    0x00003618   Section        0  tpm.o(.text)
    .text                                    0x00003764   Section        0  tpm_o.o(.text)
    .text                                    0x00003914   Section        0  uart.o(.text)
    .text                                    0x00003bfc   Section        0  arm_cos_f32.o(.text)
    .text                                    0x00003c78   Section        0  arm_sin_f32.o(.text)
    .text                                    0x00003d04   Section        0  noretval__2printf.o(.text)
    .text                                    0x00003d20   Section        0  __printf_ss.o(.text)
    .text                                    0x00003dde   Section        0  rt_memcpy.o(.text)
    .text                                    0x00003e60   Section      488  aeabi_sdivfast.o(.text)
    .text                                    0x00004048   Section        0  d2f.o(.text)
    .text                                    0x000040c4   Section        0  daddsub.o(.text)
    _dadd1                                   0x000040c5   Thumb Code   290  daddsub.o(.text)
    _dsub1                                   0x000041e7   Thumb Code   470  daddsub.o(.text)
    .text                                    0x0000441c   Section        0  ddiv.o(.text)
    .text                                    0x00004864   Section        0  dflti.o(.text)
    .text                                    0x000048bc   Section        0  dmul.o(.text)
    .text                                    0x00004b04   Section        0  f2d.o(.text)
    .text                                    0x00004b58   Section        0  fdiv.o(.text)
    .text                                    0x00004cb8   Section        0  ffixi.o(.text)
    .text                                    0x00004d04   Section        0  ffixui.o(.text)
    .text                                    0x00004d34   Section        0  fflti.o(.text)
    .text                                    0x00004d94   Section        0  fscalbn.o(.text)
    .text                                    0x00004dd8   Section        0  _rserrno.o(.text)
    .text                                    0x00004df0   Section        0  _printf_char_file.o(.text)
    .text                                    0x00004e18   Section        0  dscalbn.o(.text)
    .text                                    0x00004e78   Section        0  dsqrt.o(.text)
    .text                                    0x00004f78   Section        0  fcmpin.o(.text)
    .text                                    0x00004fdc   Section        8  rt_errno_addr_intlibspace.o(.text)
    .text                                    0x00004fe4   Section        0  _printf_char_common.o(.text)
    _printf_input_char                       0x00004fe5   Thumb Code    10  _printf_char_common.o(.text)
    .text                                    0x00005014   Section        0  cmpret.o(.text)
    .text                                    0x00005044   Section        0  dcmpin.o(.text)
    .text                                    0x000050d4   Section        0  fnan2.o(.text)
    .text                                    0x000050e4   Section        8  libspace.o(.text)
    .text                                    0x000050ec   Section       62  sys_stackheap_outer.o(.text)
    .text                                    0x0000512a   Section        0  exit.o(.text)
    .text                                    0x0000513c   Section        0  dnan2.o(.text)
    .text                                    0x00005150   Section        0  retnan.o(.text)
    i.__ARM_common_switch8                   0x000051ae   Section        0  bluetooth_connection.o(i.__ARM_common_switch8)
    i.__ARM_fpclassify                       0x000051cc   Section        0  fpclassify.o(i.__ARM_fpclassify)
    i.__ARM_fpclassifyf                      0x000051f8   Section        0  fpclassifyf.o(i.__ARM_fpclassifyf)
    i.__kernel_poly                          0x0000521a   Section        0  poly.o(i.__kernel_poly)
    i.__mathlib_dbl_divzero                  0x000052c8   Section        0  dunder.o(i.__mathlib_dbl_divzero)
    i.__mathlib_dbl_infnan                   0x000052dc   Section        0  dunder.o(i.__mathlib_dbl_infnan)
    i.__mathlib_dbl_infnan2                  0x000052e6   Section        0  dunder.o(i.__mathlib_dbl_infnan2)
    i.__mathlib_dbl_invalid                  0x000052ee   Section        0  dunder.o(i.__mathlib_dbl_invalid)
    i.__mathlib_dbl_overflow                 0x00005300   Section        0  dunder.o(i.__mathlib_dbl_overflow)
    i.__mathlib_dbl_underflow                0x00005314   Section        0  dunder.o(i.__mathlib_dbl_underflow)
    i.__mathlib_flt_infnan2                  0x00005328   Section        0  funder.o(i.__mathlib_flt_infnan2)
    i.__mathlib_flt_underflow                0x00005330   Section        0  funder.o(i.__mathlib_flt_underflow)
    i.atan                                   0x00005340   Section        0  atan.o(i.atan)
    i.atan2f                                 0x0000555c   Section        0  atan2f.o(i.atan2f)
    i.pow                                    0x000057b8   Section        0  pow.o(i.pow)
    i.sqrt                                   0x000061b4   Section        0  sqrt.o(i.sqrt)
    x$fpl$drleqf                             0x000061fc   Section      104  drlef.o(x$fpl$drleqf)
    x$fpl$fadd                               0x00006264   Section      140  faddsub.o(x$fpl$fadd)
    _fadd1                                   0x00006271   Thumb Code     0  faddsub.o(x$fpl$fadd)
    x$fpl$feqf                               0x000062f0   Section       84  feqf.o(x$fpl$feqf)
    x$fpl$fleqf                              0x00006344   Section       84  flef.o(x$fpl$fleqf)
    x$fpl$fmul                               0x00006398   Section      176  fmul.o(x$fpl$fmul)
    x$fpl$frleqf                             0x00006448   Section       88  frlef.o(x$fpl$frleqf)
    x$fpl$frsb                               0x000064a0   Section       24  faddsub.o(x$fpl$frsb)
    x$fpl$fsub                               0x000064b8   Section      208  faddsub.o(x$fpl$fsub)
    _fsub1                                   0x000064c5   Thumb Code     0  faddsub.o(x$fpl$fsub)
    .constdata                               0x00006588   Section     2052  arm_common_tables.o(.constdata)
    x$fpl$usenofp                            0x00006588   Section        0  usenofp.o(x$fpl$usenofp)
    .constdata                               0x00006d8c   Section      128  ddiv.o(.constdata)
    ddiv_reciptbl                            0x00006d8c   Data         128  ddiv.o(.constdata)
    .constdata                               0x00006e0c   Section       64  fdiv.o(.constdata)
    fdiv_tab                                 0x00006e0c   Data          64  fdiv.o(.constdata)
    .constdata                               0x00006e50   Section      152  atan.o(.constdata)
    atanhi                                   0x00006e50   Data          32  atan.o(.constdata)
    atanlo                                   0x00006e70   Data          32  atan.o(.constdata)
    aTodd                                    0x00006e90   Data          40  atan.o(.constdata)
    aTeven                                   0x00006eb8   Data          48  atan.o(.constdata)
    .constdata                               0x00006ee8   Section      136  pow.o(.constdata)
    bp                                       0x00006ee8   Data          16  pow.o(.constdata)
    dp_h                                     0x00006ef8   Data          16  pow.o(.constdata)
    dp_l                                     0x00006f08   Data          16  pow.o(.constdata)
    L                                        0x00006f18   Data          48  pow.o(.constdata)
    P                                        0x00006f48   Data          40  pow.o(.constdata)
    .constdata                               0x00006f70   Section        8  qnan.o(.constdata)
    .data                                    0x1fffe000   Section       88  adafruit_modul.o(.data)
    _lsm303Accel_MG_LSB                      0x1fffe000   Data           4  adafruit_modul.o(.data)
    cal_matrix                               0x1fffe004   Data          36  adafruit_modul.o(.data)
    cal_offsets                              0x1fffe028   Data          12  adafruit_modul.o(.data)
    _lsm303Mag_Gauss_LSB_XY                  0x1fffe034   Data           4  adafruit_modul.o(.data)
    _lsm303Mag_Gauss_LSB_Z                   0x1fffe038   Data           4  adafruit_modul.o(.data)
    _magGain                                 0x1fffe03c   Data           1  adafruit_modul.o(.data)
    _autoRangeEnabled                        0x1fffe03d   Data           1  adafruit_modul.o(.data)
    .data                                    0x1fffe058   Section       16  bluetooth_connection.o(.data)
    uart_data_array_index                    0x1fffe058   Data           4  bluetooth_connection.o(.data)
    new_data                                 0x1fffe05c   Data           4  bluetooth_connection.o(.data)
    bluetooth_connected                      0x1fffe060   Data           4  bluetooth_connection.o(.data)
    .data                                    0x1fffe068   Section       80  controller.o(.data)
    err_angle_sum_roll                       0x1fffe098   Data           4  controller.o(.data)
    err_rate_sum_roll                        0x1fffe09c   Data           4  controller.o(.data)
    err_angle_sum_pitch                      0x1fffe0a0   Data           4  controller.o(.data)
    err_rate_sum_pitch                       0x1fffe0a4   Data           4  controller.o(.data)
    err_angle_sum_yaw                        0x1fffe0a8   Data           4  controller.o(.data)
    err_rate_sum_yaw                         0x1fffe0ac   Data           4  controller.o(.data)
    yaw_set_value_angle_defined              0x1fffe0b0   Data           4  controller.o(.data)
    yaw_set_value_angle                      0x1fffe0b4   Data           4  controller.o(.data)
    .data                                    0x1fffe0b8   Section       12  main.o(.data)
    tof_index                                0x1fffe0c0   Data           4  main.o(.data)
    .data                                    0x1fffe0c4   Section       13  receiver.o(.data)
    sum_signal_index                         0x1fffe0d0   Data           1  receiver.o(.data)
    .data                                    0x1fffe0d4   Section       12  retarget.o(.data)
    .data                                    0x1fffe0e0   Section       48  sensor_fusion.o(.data)
    roll_comp                                0x1fffe0e0   Data           4  sensor_fusion.o(.data)
    pitch_comp                               0x1fffe0e4   Data           4  sensor_fusion.o(.data)
    yaw_comp                                 0x1fffe0e8   Data           4  sensor_fusion.o(.data)
    gyro_roll                                0x1fffe0ec   Data           4  sensor_fusion.o(.data)
    gyro_pitch                               0x1fffe0f0   Data           4  sensor_fusion.o(.data)
    gyro_yaw                                 0x1fffe0f4   Data           4  sensor_fusion.o(.data)
    acc_roll                                 0x1fffe0f8   Data           4  sensor_fusion.o(.data)
    acc_pitch                                0x1fffe0fc   Data           4  sensor_fusion.o(.data)
    tilt_comp_yaw                            0x1fffe100   Data           4  sensor_fusion.o(.data)
    .data                                    0x1fffe110   Section       12  sysinit.o(.data)
    .data                                    0x1fffe11c   Section        4  systick.o(.data)
    DelayTimerTick                           0x1fffe11c   Data           4  systick.o(.data)
    .data                                    0x1fffe120   Section        4  tpm_o.o(.data)
    .bss                                     0x1fffe124   Section       36  adafruit_modul.o(.bss)
    .bss                                     0x1fffe148   Section      104  bluetooth_connection.o(.bss)
    uart_data_array                          0x1fffe148   Data          49  bluetooth_connection.o(.bss)
    data_array                               0x1fffe179   Data          55  bluetooth_connection.o(.bss)
    .bss                                     0x1fffe1b0   Section       16  controller.o(.bss)
    .bss                                     0x1fffe1c0   Section       50  debug.o(.bss)
    buffer                                   0x1fffe1c0   Data          50  debug.o(.bss)
    .bss                                     0x1fffe1f4   Section       36  filter.o(.bss)
    mag_values                               0x1fffe1f4   Data          12  filter.o(.bss)
    acc_values                               0x1fffe200   Data          12  filter.o(.bss)
    gyro_values                              0x1fffe20c   Data          12  filter.o(.bss)
    .bss                                     0x1fffe218   Section      108  kalman_filter.o(.bss)
    .bss                                     0x1fffe284   Section       24  receiver.o(.bss)
    last_valid_values                        0x1fffe290   Data          12  receiver.o(.bss)
    .bss                                     0x1fffe29c   Section       96  libspace.o(.bss)
    HEAP                                     0x1fffe300   Section        0  startup_mkl46z4.o(HEAP)
    STACK                                    0x1fffe300   Section     8192  startup_mkl46z4.o(STACK)
    Heap_Mem                                 0x1fffe300   Data           0  startup_mkl46z4.o(HEAP)
    Stack_Mem                                0x1fffe300   Data        8192  startup_mkl46z4.o(STACK)
    __initial_sp                             0x20000300   Data           0  startup_mkl46z4.o(STACK)

    Global Symbols

    Symbol Name                              Value     Ov Type        Size  Object(Section)

    BuildAttributes$$THM_ISAv3M$S$PE$A:L22$X:L11$S22$IEEE1$IW$USESV6$~STKCKD$USESV7$~SHL$OTIME$ROPI$IEEEX$EBA8$UX$STANDARDLIB$REQ8$PRES8$EABIv2 0x00000000   Number         0  anon$$obj.o ABSOLUTE
    __ARM_use_no_argv                        0x00000000   Number         0  main.o ABSOLUTE
    __Vectors                                0x00000000   Data           4  startup_mkl46z4.o(RESET)
    _printf_flags                            0x00000000   Number         0  printf_stubs.o ABSOLUTE
    _printf_return_value                     0x00000000   Number         0  printf_stubs.o ABSOLUTE
    _printf_sizespec                         0x00000000   Number         0  printf_stubs.o ABSOLUTE
    _printf_widthprec                        0x00000000   Number         0  printf_stubs.o ABSOLUTE
    __ARM_exceptions_init                     - Undefined Weak Reference
    __alloca_initialize                       - Undefined Weak Reference
    __arm_preinit_                            - Undefined Weak Reference
    __cpp_initialize__aeabi_                  - Undefined Weak Reference
    __cxa_finalize                            - Undefined Weak Reference
    __sigvec_lookup                           - Undefined Weak Reference
    _atexit_init                              - Undefined Weak Reference
    _call_atexit_fns                          - Undefined Weak Reference
    _clock_init                               - Undefined Weak Reference
    _fp_trap_init                             - Undefined Weak Reference
    _fp_trap_shutdown                         - Undefined Weak Reference
    _get_lc_collate                           - Undefined Weak Reference
    _get_lc_ctype                             - Undefined Weak Reference
    _get_lc_monetary                          - Undefined Weak Reference
    _get_lc_time                              - Undefined Weak Reference
    _getenv_init                              - Undefined Weak Reference
    _handle_redirection                       - Undefined Weak Reference
    _init_alloc                               - Undefined Weak Reference
    _init_user_alloc                          - Undefined Weak Reference
    _initio                                   - Undefined Weak Reference
    _printf_post_padding                      - Undefined Weak Reference
    _printf_pre_padding                       - Undefined Weak Reference
    _printf_truncate_signed                   - Undefined Weak Reference
    _printf_truncate_unsigned                 - Undefined Weak Reference
    _rand_init                                - Undefined Weak Reference
    _signal_finish                            - Undefined Weak Reference
    _signal_init                              - Undefined Weak Reference
    _terminate_alloc                          - Undefined Weak Reference
    _terminate_user_alloc                     - Undefined Weak Reference
    _terminateio                              - Undefined Weak Reference
    __Vectors_End                            0x000000c0   Data           0  startup_mkl46z4.o(RESET)
    __Vectors_Size                           0x000000c0   Number         0  startup_mkl46z4.o ABSOLUTE
    __main                                   0x000000c1   Thumb Code     8  __main.o(!!!main)
    __scatterload                            0x000000c9   Thumb Code     0  __scatter.o(!!!scatter)
    __scatterload_rt2                        0x000000c9   Thumb Code    52  __scatter.o(!!!scatter)
    __scatterload_rt2_thumb_only             0x000000c9   Thumb Code     0  __scatter.o(!!!scatter)
    __scatterload_null                       0x000000d9   Thumb Code     0  __scatter.o(!!!scatter)
    __scatterload_copy                       0x00000105   Thumb Code    26  __scatter_copy.o(!!handler_copy)
    __scatterload_zeroinit                   0x00000121   Thumb Code    28  __scatter_zi.o(!!handler_zi)
    _printf_percent                          0x0000013d   Thumb Code     0  _printf_percent.o(.ARM.Collect$$_printf_percent$$00000000)
    _printf_percent_end                      0x0000013f   Thumb Code     0  _printf_percent_end.o(.ARM.Collect$$_printf_percent$$00000017)
    __rt_lib_init                            0x00000143   Thumb Code     0  libinit.o(.ARM.Collect$$libinit$$00000000)
    __rt_lib_init_alloca_1                   0x00000145   Thumb Code     0  libinit2.o(.ARM.Collect$$libinit$$0000002E)
    __rt_lib_init_argv_1                     0x00000145   Thumb Code     0  libinit2.o(.ARM.Collect$$libinit$$0000002C)
    __rt_lib_init_atexit_1                   0x00000145   Thumb Code     0  libinit2.o(.ARM.Collect$$libinit$$0000001B)
    __rt_lib_init_clock_1                    0x00000145   Thumb Code     0  libinit2.o(.ARM.Collect$$libinit$$00000021)
    __rt_lib_init_cpp_1                      0x00000145   Thumb Code     0  libinit2.o(.ARM.Collect$$libinit$$00000032)
    __rt_lib_init_exceptions_1               0x00000145   Thumb Code     0  libinit2.o(.ARM.Collect$$libinit$$00000030)
    __rt_lib_init_fp_1                       0x00000145   Thumb Code     0  libinit2.o(.ARM.Collect$$libinit$$00000002)
    __rt_lib_init_fp_trap_1                  0x00000145   Thumb Code     0  libinit2.o(.ARM.Collect$$libinit$$0000001F)
    __rt_lib_init_getenv_1                   0x00000145   Thumb Code     0  libinit2.o(.ARM.Collect$$libinit$$00000023)
    __rt_lib_init_heap_1                     0x00000145   Thumb Code     0  libinit2.o(.ARM.Collect$$libinit$$0000000A)
    __rt_lib_init_lc_collate_1               0x00000145   Thumb Code     0  libinit2.o(.ARM.Collect$$libinit$$00000011)
    __rt_lib_init_lc_ctype_1                 0x00000145   Thumb Code     0  libinit2.o(.ARM.Collect$$libinit$$00000013)
    __rt_lib_init_lc_monetary_1              0x00000145   Thumb Code     0  libinit2.o(.ARM.Collect$$libinit$$00000015)
    __rt_lib_init_lc_numeric_1               0x00000145   Thumb Code     0  libinit2.o(.ARM.Collect$$libinit$$00000017)
    __rt_lib_init_lc_time_1                  0x00000145   Thumb Code     0  libinit2.o(.ARM.Collect$$libinit$$00000019)
    __rt_lib_init_preinit_1                  0x00000145   Thumb Code     0  libinit2.o(.ARM.Collect$$libinit$$00000004)
    __rt_lib_init_rand_1                     0x00000145   Thumb Code     0  libinit2.o(.ARM.Collect$$libinit$$0000000E)
    __rt_lib_init_return                     0x00000145   Thumb Code     0  libinit2.o(.ARM.Collect$$libinit$$00000033)
    __rt_lib_init_signal_1                   0x00000145   Thumb Code     0  libinit2.o(.ARM.Collect$$libinit$$0000001D)
    __rt_lib_init_stdio_1                    0x00000145   Thumb Code     0  libinit2.o(.ARM.Collect$$libinit$$00000025)
    __rt_lib_init_user_alloc_1               0x00000145   Thumb Code     0  libinit2.o(.ARM.Collect$$libinit$$0000000C)
    __rt_lib_shutdown                        0x00000147   Thumb Code     0  libshutdown.o(.ARM.Collect$$libshutdown$$00000000)
    __rt_lib_shutdown_cpp_1                  0x00000149   Thumb Code     0  libshutdown2.o(.ARM.Collect$$libshutdown$$00000002)
    __rt_lib_shutdown_fp_trap_1              0x00000149   Thumb Code     0  libshutdown2.o(.ARM.Collect$$libshutdown$$00000007)
    __rt_lib_shutdown_heap_1                 0x00000149   Thumb Code     0  libshutdown2.o(.ARM.Collect$$libshutdown$$0000000F)
    __rt_lib_shutdown_return                 0x00000149   Thumb Code     0  libshutdown2.o(.ARM.Collect$$libshutdown$$00000010)
    __rt_lib_shutdown_signal_1               0x00000149   Thumb Code     0  libshutdown2.o(.ARM.Collect$$libshutdown$$0000000A)
    __rt_lib_shutdown_stdio_1                0x00000149   Thumb Code     0  libshutdown2.o(.ARM.Collect$$libshutdown$$00000004)
    __rt_lib_shutdown_user_alloc_1           0x00000149   Thumb Code     0  libshutdown2.o(.ARM.Collect$$libshutdown$$0000000C)
    __rt_entry                               0x0000014b   Thumb Code     0  __rtentry.o(.ARM.Collect$$rtentry$$00000000)
    __rt_entry_presh_1                       0x0000014b   Thumb Code     0  __rtentry2.o(.ARM.Collect$$rtentry$$00000002)
    __rt_entry_sh                            0x0000014b   Thumb Code     0  __rtentry4.o(.ARM.Collect$$rtentry$$00000004)
    __rt_entry_li                            0x00000151   Thumb Code     0  __rtentry2.o(.ARM.Collect$$rtentry$$0000000A)
    __rt_entry_postsh_1                      0x00000151   Thumb Code     0  __rtentry2.o(.ARM.Collect$$rtentry$$00000009)
    __rt_entry_main                          0x00000155   Thumb Code     0  __rtentry2.o(.ARM.Collect$$rtentry$$0000000D)
    __rt_entry_postli_1                      0x00000155   Thumb Code     0  __rtentry2.o(.ARM.Collect$$rtentry$$0000000C)
    __rt_exit                                0x0000015d   Thumb Code     0  rtexit.o(.ARM.Collect$$rtexit$$00000000)
    __rt_exit_ls                             0x0000015f   Thumb Code     0  rtexit2.o(.ARM.Collect$$rtexit$$00000003)
    __rt_exit_prels_1                        0x0000015f   Thumb Code     0  rtexit2.o(.ARM.Collect$$rtexit$$00000002)
    __rt_exit_exit                           0x00000163   Thumb Code     0  rtexit2.o(.ARM.Collect$$rtexit$$00000004)
    __aeabi_memcpy4                          0x00000169   Thumb Code    56  rt_memcpy.o(.emb_text)
    __aeabi_memcpy8                          0x00000169   Thumb Code     0  rt_memcpy.o(.emb_text)
    Reset_Handler                            0x000001a1   Thumb Code     4  startup_mkl46z4.o(.text)
    NMI_Handler                              0x000001a5   Thumb Code     2  startup_mkl46z4.o(.text)
    HardFault_Handler                        0x000001a7   Thumb Code     2  startup_mkl46z4.o(.text)
    SVC_Handler                              0x000001a9   Thumb Code     2  startup_mkl46z4.o(.text)
    PendSV_Handler                           0x000001ab   Thumb Code     2  startup_mkl46z4.o(.text)
    ADC0_IRQHandler                          0x000001af   Thumb Code     0  startup_mkl46z4.o(.text)
    CMP0_IRQHandler                          0x000001af   Thumb Code     0  startup_mkl46z4.o(.text)
    DAC0_IRQHandler                          0x000001af   Thumb Code     0  startup_mkl46z4.o(.text)
    DMA0_IRQHandler                          0x000001af   Thumb Code     0  startup_mkl46z4.o(.text)
    DMA1_IRQHandler                          0x000001af   Thumb Code     0  startup_mkl46z4.o(.text)
    DMA2_IRQHandler                          0x000001af   Thumb Code     0  startup_mkl46z4.o(.text)
    DMA3_IRQHandler                          0x000001af   Thumb Code     0  startup_mkl46z4.o(.text)
    DefaultISR                               0x000001af   Thumb Code     0  startup_mkl46z4.o(.text)
    FTFA_IRQHandler                          0x000001af   Thumb Code     0  startup_mkl46z4.o(.text)
    I2C0_IRQHandler                          0x000001af   Thumb Code     0  startup_mkl46z4.o(.text)
    I2C1_IRQHandler                          0x000001af   Thumb Code     0  startup_mkl46z4.o(.text)
    I2S0_IRQHandler                          0x000001af   Thumb Code     0  startup_mkl46z4.o(.text)
    LCD_IRQHandler                           0x000001af   Thumb Code     0  startup_mkl46z4.o(.text)
    LLW_IRQHandler                           0x000001af   Thumb Code     0  startup_mkl46z4.o(.text)
    LPTimer_IRQHandler                       0x000001af   Thumb Code     0  startup_mkl46z4.o(.text)
    LVD_LVW_IRQHandler                       0x000001af   Thumb Code     0  startup_mkl46z4.o(.text)
    MCG_IRQHandler                           0x000001af   Thumb Code     0  startup_mkl46z4.o(.text)
    PIT_IRQHandler                           0x000001af   Thumb Code     0  startup_mkl46z4.o(.text)
    PORTA_IRQHandler                         0x000001af   Thumb Code     0  startup_mkl46z4.o(.text)
    PORTC_PORTD_IRQHandler                   0x000001af   Thumb Code     0  startup_mkl46z4.o(.text)
    RTC_IRQHandler                           0x000001af   Thumb Code     0  startup_mkl46z4.o(.text)
    RTC_Seconds_IRQHandler                   0x000001af   Thumb Code     0  startup_mkl46z4.o(.text)
    Reserved20_IRQHandler                    0x000001af   Thumb Code     0  startup_mkl46z4.o(.text)
    SPI0_IRQHandler                          0x000001af   Thumb Code     0  startup_mkl46z4.o(.text)
    SPI1_IRQHandler                          0x000001af   Thumb Code     0  startup_mkl46z4.o(.text)
    TSI0_IRQHandler                          0x000001af   Thumb Code     0  startup_mkl46z4.o(.text)
    UART0_IRQHandler                         0x000001af   Thumb Code     0  startup_mkl46z4.o(.text)
    UART2_IRQHandler                         0x000001af   Thumb Code     0  startup_mkl46z4.o(.text)
    USB0_IRQHandler                          0x000001af   Thumb Code     0  startup_mkl46z4.o(.text)
    __user_initial_stackheap                 0x000001b1   Thumb Code     0  startup_mkl46z4.o(.text)
    init_buzzer                              0x000001cd   Thumb Code    38  buzzer.o(.text)
    beep                                     0x000001f3   Thumb Code    38  buzzer.o(.text)
    beeps                                    0x00000219   Thumb Code    42  buzzer.o(.text)
    convert                                  0x00000255   Thumb Code    64  debug.o(.text)
    print                                    0x00000295   Thumb Code   264  debug.o(.text)
    fputc                                    0x000003b5   Thumb Code    48  retarget.o(.text)
    fgetc                                    0x000003e5   Thumb Code     6  retarget.o(.text)
    ferror                                   0x000003eb   Thumb Code     8  retarget.o(.text)
    _ttywrch                                 0x000003f3   Thumb Code     2  retarget.o(.text)
    _sys_exit                                0x000003f5   Thumb Code     4  retarget.o(.text)
    __I$use$semihosting                      0x000003f9   Thumb Code     0  use_no_semi.o(.text)
    __use_no_semihosting_swi                 0x000003f9   Thumb Code     2  use_no_semi.o(.text)
    __use_two_region_memory                  0x000003fb   Thumb Code     2  heapauxi.o(.text)
    __rt_heap_escrow$2region                 0x000003fd   Thumb Code     2  heapauxi.o(.text)
    __rt_heap_expand$2region                 0x000003ff   Thumb Code     2  heapauxi.o(.text)
    lsm303_acc_read_reg                      0x00000411   Thumb Code   150  adafruit_modul.o(.text)
    lsm303_acc_write_reg                     0x000004a7   Thumb Code    84  adafruit_modul.o(.text)
    lsm303_acc_init                          0x000004fb   Thumb Code    60  adafruit_modul.o(.text)
    lsm303_acc_read                          0x00000537   Thumb Code   232  adafruit_modul.o(.text)
    lsm303_acc_offset_calc                   0x0000061f   Thumb Code   178  adafruit_modul.o(.text)
    lsm303_acc_read_comp                     0x000006d1   Thumb Code    58  adafruit_modul.o(.text)
    lsm303_acc_calc_current_angles           0x0000070b   Thumb Code   194  adafruit_modul.o(.text)
    lsm303_mag_read_reg                      0x000007cd   Thumb Code   178  adafruit_modul.o(.text)
    lsm303_mag_write_reg                     0x0000087f   Thumb Code    84  adafruit_modul.o(.text)
    lsm303_set_mag_gain                      0x000008d3   Thumb Code   152  adafruit_modul.o(.text)
    lsm303_mag_init                          0x0000096b   Thumb Code    42  adafruit_modul.o(.text)
    lsm303_mag_read_poll                     0x00000995   Thumb Code   104  adafruit_modul.o(.text)
    lsm303_mag_read                          0x000009fd   Thumb Code    90  adafruit_modul.o(.text)
    lsm303_mag_clean_read                    0x00000a57   Thumb Code   798  adafruit_modul.o(.text)
    get_tilt_comp_heading                    0x00000d75   Thumb Code   658  adafruit_modul.o(.text)
    get_calibrate_values_mag                 0x00001007   Thumb Code   312  adafruit_modul.o(.text)
    l3gd_gyro_read_reg                       0x0000113f   Thumb Code   150  adafruit_modul.o(.text)
    l3gd_gyro_write_reg                      0x000011d5   Thumb Code   104  adafruit_modul.o(.text)
    l3gd_gyro_init                           0x0000123d   Thumb Code    70  adafruit_modul.o(.text)
    l3gd_gyro_read                           0x00001283   Thumb Code   186  adafruit_modul.o(.text)
    l3gd_gyro_read_comp                      0x0000133d   Thumb Code    88  adafruit_modul.o(.text)
    l3gd_gyro_offset_calc                    0x00001395   Thumb Code   136  adafruit_modul.o(.text)
    l3gd_gyro_calc_current_angles            0x0000141d   Thumb Code    90  adafruit_modul.o(.text)
    bmp085_baro_init                         0x00001477   Thumb Code    68  adafruit_modul.o(.text)
    read_sensor_data                         0x000014bb   Thumb Code   166  adafruit_modul.o(.text)
    start_calibration                        0x00001561   Thumb Code    42  adafruit_modul.o(.text)
    UART1_IRQHandler                         0x00001591   Thumb Code    50  bluetooth_connection.o(.text)
    cp_buffer_to_var                         0x000015c3   Thumb Code    56  bluetooth_connection.o(.text)
    init_bluetooth_data_array                0x000015fb   Thumb Code    20  bluetooth_connection.o(.text)
    send_data                                0x0000160f   Thumb Code    26  bluetooth_connection.o(.text)
    cp_var_to_buffer                         0x00001629   Thumb Code    56  bluetooth_connection.o(.text)
    send_initial_controller_data             0x00001661   Thumb Code    76  bluetooth_connection.o(.text)
    compute_bluetooth_data                   0x000016ad   Thumb Code   322  bluetooth_connection.o(.text)
    act_bluetooth_receive_int                0x000017ef   Thumb Code    46  bluetooth_connection.o(.text)
    deact_bluetooth_receive_int              0x0000181d   Thumb Code    16  bluetooth_connection.o(.text)
    send_debug_data                          0x0000182d   Thumb Code   278  bluetooth_connection.o(.text)
    send_offset_value_data                   0x00001943   Thumb Code   290  bluetooth_connection.o(.text)
    pid_yaw_rate                             0x00001a71   Thumb Code   168  controller.o(.text)
    pid_pitch                                0x00001b19   Thumb Code   460  controller.o(.text)
    pid_roll                                 0x00001ce5   Thumb Code   548  controller.o(.text)
    sum_signal_array_to_structure            0x00001f09   Thumb Code    26  controller.o(.text)
    controller                               0x00001f23   Thumb Code   204  controller.o(.text)
    pid_yaw                                  0x00001fef   Thumb Code   166  controller.o(.text)
    set_down_motor_perf                      0x00002095   Thumb Code    34  controller.o(.text)
    mag_low_pass_filter                      0x00002101   Thumb Code   210  filter.o(.text)
    acc_low_pass_filter                      0x000021d3   Thumb Code   216  filter.o(.text)
    gyro_low_pass_filter                     0x000022ab   Thumb Code   210  filter.o(.text)
    i2c_set_tx_mode                          0x000023b1   Thumb Code    10  i2c.o(.text)
    i2c_set_rx_mode                          0x000023bb   Thumb Code    10  i2c.o(.text)
    i2c_set_slave_mode                       0x000023c5   Thumb Code    10  i2c.o(.text)
    i2c_set_master_mode                      0x000023cf   Thumb Code    10  i2c.o(.text)
    i2c_give_nack                            0x000023d9   Thumb Code    10  i2c.o(.text)
    i2c_give_ack                             0x000023e3   Thumb Code    10  i2c.o(.text)
    i2c_repeated_start                       0x000023ed   Thumb Code    10  i2c.o(.text)
    i2c_write_byte                           0x000023f7   Thumb Code     4  i2c.o(.text)
    i2c_read_byte                            0x000023fb   Thumb Code     6  i2c.o(.text)
    i2c_start                                0x00002401   Thumb Code    18  i2c.o(.text)
    i2c_stop                                 0x00002413   Thumb Code    18  i2c.o(.text)
    i2c_init_adafruit_imu                    0x00002425   Thumb Code    20  i2c.o(.text)
    i2c_deinit                               0x00002439   Thumb Code     6  i2c.o(.text)
    i2c_restore                              0x0000243f   Thumb Code    22  i2c.o(.text)
    i2c_wait                                 0x00002455   Thumb Code    50  i2c.o(.text)
    i2c_get_ack                              0x00002487   Thumb Code    20  i2c.o(.text)
    pause                                    0x0000249b   Thumb Code    14  i2c.o(.text)
    cost_pause                               0x000024a9   Thumb Code    14  i2c.o(.text)
    i2c_init_acc                             0x000024b7   Thumb Code    22  i2c.o(.text)
    i2c_init_mag                             0x000024cd   Thumb Code    34  i2c.o(.text)
    i2c_deinit_acc_mag                       0x000024ef   Thumb Code    20  i2c.o(.text)
    i2c_init_ex_gyro                         0x00002503   Thumb Code    46  i2c.o(.text)
    enable_irq                               0x00002541   Thumb Code    72  interrupt.o(.text)
    disable_irq                              0x00002589   Thumb Code    42  interrupt.o(.text)
    set_irq_priority                         0x000025b3   Thumb Code    76  interrupt.o(.text)
    kalman_init                              0x000026f9   Thumb Code    48  kalman_filter.o(.text)
    kalman_calculate                         0x00002729   Thumb Code   310  kalman_filter.o(.text)
    kalman_init_all_angles                   0x0000285f   Thumb Code    28  kalman_filter.o(.text)
    initBoardLED                             0x0000289d   Thumb Code   160  led.o(.text)
    tooglesLED                               0x0000293d   Thumb Code    50  led.o(.text)
    setLED                                   0x0000296f   Thumb Code    50  led.o(.text)
    clearLED                                 0x000029a1   Thumb Code    50  led.o(.text)
    init_rled_pwm                            0x000029d3   Thumb Code    24  led.o(.text)
    init_testled_pwm                         0x000029eb   Thumb Code    24  led.o(.text)
    stop_timer                               0x00002a1d   Thumb Code    50  main.o(.text)
    start_timer                              0x00002a4f   Thumb Code    30  main.o(.text)
    go_in_op_state                           0x00002a6d   Thumb Code    34  main.o(.text)
    go_in_sec_state                          0x00002a8f   Thumb Code    34  main.o(.text)
    main                                     0x00002ab1   Thumb Code   238  main.o(.text)
    init_timer                               0x00002b9f   Thumb Code    26  main.o(.text)
    get_millis                               0x00002bb9   Thumb Code    44  main.o(.text)
    TPM2_IRQHandler                          0x00002be5   Thumb Code    34  main.o(.text)
    map                                      0x00002c07   Thumb Code    30  main.o(.text)
    pll_init                                 0x00002c79   Thumb Code   736  mcg.o(.text)
    init_pwm_for_motors                      0x00002f91   Thumb Code   144  pwm.o(.text)
    set_motor_throttle                       0x00003021   Thumb Code    18  pwm.o(.text)
    TPM1_IRQHandler                          0x0000304d   Thumb Code   102  receiver.o(.text)
    init_receiver                            0x000030b3   Thumb Code    90  receiver.o(.text)
    get_counts_from_angle                    0x0000310d   Thumb Code    56  receiver.o(.text)
    get_productive_counts                    0x00003145   Thumb Code    10  receiver.o(.text)
    check_sum_signal_values                  0x0000314f   Thumb Code   156  receiver.o(.text)
    evaluate_rc_switch_values                0x000031eb   Thumb Code    74  receiver.o(.text)
    wait_for_sec_stick_comb                  0x00003235   Thumb Code    52  receiver.o(.text)
    complementary_filter                     0x000032b1   Thumb Code   116  sensor_fusion.o(.text)
    sensor_fusion                            0x00003325   Thumb Code   138  sensor_fusion.o(.text)
    sysinit                                  0x000033f1   Thumb Code   242  sysinit.o(.text)
    InitSysTick                              0x000035a1   Thumb Code    32  systick.o(.text)
    InitSysTickForSensorFusion               0x000035c1   Thumb Code    32  systick.o(.text)
    SysTick_Handler                          0x000035e1   Thumb Code    22  systick.o(.text)
    Delay_mS                                 0x000035f7   Thumb Code    18  systick.o(.text)
    tpm_init                                 0x00003619   Thumb Code   188  tpm.o(.text)
    tpm_clk_mode                             0x000036d5   Thumb Code    24  tpm.o(.text)
    tpm_clear_counter                        0x000036ed   Thumb Code     6  tpm.o(.text)
    tpm_get_cnt_value                        0x000036f3   Thumb Code     8  tpm.o(.text)
    tpm_ch_init                              0x000036fb   Thumb Code    76  tpm.o(.text)
    tpm_set_CnV                              0x00003747   Thumb Code    14  tpm.o(.text)
    TPM0_IRQHandler                          0x00003765   Thumb Code    44  tpm_o.o(.text)
    initTPM                                  0x00003791   Thumb Code   180  tpm_o.o(.text)
    TPM_init_PWM                             0x00003845   Thumb Code   154  tpm_o.o(.text)
    TPM_CH_init_PWM                          0x000038df   Thumb Code    22  tpm_o.o(.text)
    set_TPM_CnV_PWM                          0x000038f5   Thumb Code    14  tpm_o.o(.text)
    uart_init                                0x00003915   Thumb Code   104  uart.o(.text)
    uart_getchar                             0x0000397d   Thumb Code    18  uart.o(.text)
    uart_putchar                             0x0000398f   Thumb Code    16  uart.o(.text)
    uart_getchar_present                     0x0000399f   Thumb Code    10  uart.o(.text)
    uart0_init                               0x000039a9   Thumb Code   358  uart.o(.text)
    uart0_getchar                            0x00003b0f   Thumb Code    18  uart.o(.text)
    uart0_putchar                            0x00003b21   Thumb Code    30  uart.o(.text)
    uart0_getchar_present                    0x00003b3f   Thumb Code    10  uart.o(.text)
    uart1_init_bluetooth                     0x00003b49   Thumb Code    52  uart.o(.text)
    uart2_init_ext_debug                     0x00003b7d   Thumb Code    28  uart.o(.text)
    uart2_putchar_ext_debug                  0x00003b99   Thumb Code    24  uart.o(.text)
    put_string                               0x00003bb1   Thumb Code    42  uart.o(.text)
    arm_cos_f32                              0x00003bfd   Thumb Code   114  arm_cos_f32.o(.text)
    arm_sin_f32                              0x00003c79   Thumb Code   126  arm_sin_f32.o(.text)
    __2printf                                0x00003d05   Thumb Code    22  noretval__2printf.o(.text)
    __printf                                 0x00003d21   Thumb Code   190  __printf_ss.o(.text)
    __aeabi_memcpy                           0x00003ddf   Thumb Code   130  rt_memcpy.o(.text)
    __rt_memcpy                              0x00003ddf   Thumb Code     0  rt_memcpy.o(.text)
    __aeabi_uidiv                            0x00003e61   Thumb Code     0  aeabi_sdivfast.o(.text)
    __aeabi_uidivmod                         0x00003e61   Thumb Code    28  aeabi_sdivfast.o(.text)
    __aeabi_idiv                             0x00003e7d   Thumb Code     0  aeabi_sdivfast.o(.text)
    __aeabi_idivmod                          0x00003e7d   Thumb Code   460  aeabi_sdivfast.o(.text)
    __aeabi_d2f                              0x00004049   Thumb Code     0  d2f.o(.text)
    _d2f                                     0x00004049   Thumb Code   120  d2f.o(.text)
    __aeabi_dadd                             0x000043bd   Thumb Code     0  daddsub.o(.text)
    _dadd                                    0x000043bd   Thumb Code    26  daddsub.o(.text)
    __aeabi_dsub                             0x000043d7   Thumb Code     0  daddsub.o(.text)
    _dsub                                    0x000043d7   Thumb Code    22  daddsub.o(.text)
    __aeabi_drsub                            0x000043ed   Thumb Code     0  daddsub.o(.text)
    _drsb                                    0x000043ed   Thumb Code    28  daddsub.o(.text)
    __aeabi_ddiv                             0x0000441d   Thumb Code     0  ddiv.o(.text)
    _ddiv                                    0x0000441d   Thumb Code  1072  ddiv.o(.text)
    _drdiv                                   0x0000484d   Thumb Code    20  ddiv.o(.text)
    __aeabi_i2d_normalise                    0x00004865   Thumb Code    66  dflti.o(.text)
    __aeabi_i2d                              0x000048a7   Thumb Code    16  dflti.o(.text)
    _dflt                                    0x000048a7   Thumb Code     0  dflti.o(.text)
    __aeabi_ui2d                             0x000048b7   Thumb Code     6  dflti.o(.text)
    _dfltu                                   0x000048b7   Thumb Code     0  dflti.o(.text)
    __aeabi_dmul                             0x000048bd   Thumb Code     0  dmul.o(.text)
    _dmul                                    0x000048bd   Thumb Code   558  dmul.o(.text)
    __aeabi_f2d                              0x00004b05   Thumb Code     0  f2d.o(.text)
    _f2d                                     0x00004b05   Thumb Code    80  f2d.o(.text)
    __aeabi_fdiv                             0x00004b59   Thumb Code     0  fdiv.o(.text)
    _fdiv                                    0x00004b59   Thumb Code   334  fdiv.o(.text)
    _frdiv                                   0x00004ca7   Thumb Code     8  fdiv.o(.text)
    __aeabi_f2iz                             0x00004cb9   Thumb Code     0  ffixi.o(.text)
    _ffix                                    0x00004cb9   Thumb Code    76  ffixi.o(.text)
    __aeabi_f2uiz                            0x00004d05   Thumb Code     0  ffixui.o(.text)
    _ffixu                                   0x00004d05   Thumb Code    48  ffixui.o(.text)
    __aeabi_i2f_normalise                    0x00004d35   Thumb Code    72  fflti.o(.text)
    __aeabi_i2f                              0x00004d7d   Thumb Code    16  fflti.o(.text)
    _fflt                                    0x00004d7d   Thumb Code     0  fflti.o(.text)
    __aeabi_ui2f                             0x00004d8d   Thumb Code     6  fflti.o(.text)
    _ffltu                                   0x00004d8d   Thumb Code     0  fflti.o(.text)
    __ARM_scalbnf                            0x00004d95   Thumb Code    64  fscalbn.o(.text)
    __read_errno                             0x00004dd9   Thumb Code    10  _rserrno.o(.text)
    __set_errno                              0x00004de3   Thumb Code    12  _rserrno.o(.text)
    _printf_char_file                        0x00004df1   Thumb Code    34  _printf_char_file.o(.text)
    __ARM_scalbn                             0x00004e19   Thumb Code    84  dscalbn.o(.text)
    _dsqrt                                   0x00004e79   Thumb Code   248  dsqrt.o(.text)
    __fpl_fcmp_InfNaN                        0x00004f79   Thumb Code    96  fcmpin.o(.text)
    __aeabi_errno_addr                       0x00004fdd   Thumb Code     8  rt_errno_addr_intlibspace.o(.text)
    __errno$intlibspace                      0x00004fdd   Thumb Code     0  rt_errno_addr_intlibspace.o(.text)
    __rt_errno_addr$intlibspace              0x00004fdd   Thumb Code     0  rt_errno_addr_intlibspace.o(.text)
    _printf_char_common                      0x00004fef   Thumb Code    32  _printf_char_common.o(.text)
    __fpl_cmpreturn                          0x00005015   Thumb Code    46  cmpret.o(.text)
    __fpl_dcmp_InfNaN                        0x00005045   Thumb Code   140  dcmpin.o(.text)
    __fpl_fcheck_NaN2                        0x000050d5   Thumb Code    10  fnan2.o(.text)
    __user_libspace                          0x000050e5   Thumb Code     8  libspace.o(.text)
    __user_perproc_libspace                  0x000050e5   Thumb Code     0  libspace.o(.text)
    __user_perthread_libspace                0x000050e5   Thumb Code     0  libspace.o(.text)
    __user_setup_stackheap                   0x000050ed   Thumb Code    62  sys_stackheap_outer.o(.text)
    exit                                     0x0000512b   Thumb Code    16  exit.o(.text)
    __fpl_dcheck_NaN2                        0x0000513d   Thumb Code    14  dnan2.o(.text)
    __fpl_return_NaN                         0x00005151   Thumb Code    94  retnan.o(.text)
    __ARM_common_switch8                     0x000051af   Thumb Code    28  bluetooth_connection.o(i.__ARM_common_switch8)
    __ARM_fpclassify                         0x000051cd   Thumb Code    40  fpclassify.o(i.__ARM_fpclassify)
    __ARM_fpclassifyf                        0x000051f9   Thumb Code    34  fpclassifyf.o(i.__ARM_fpclassifyf)
    __kernel_poly                            0x0000521b   Thumb Code   172  poly.o(i.__kernel_poly)
    __mathlib_dbl_divzero                    0x000052c9   Thumb Code    16  dunder.o(i.__mathlib_dbl_divzero)
    __mathlib_dbl_infnan                     0x000052dd   Thumb Code    10  dunder.o(i.__mathlib_dbl_infnan)
    __mathlib_dbl_infnan2                    0x000052e7   Thumb Code     8  dunder.o(i.__mathlib_dbl_infnan2)
    __mathlib_dbl_invalid                    0x000052ef   Thumb Code    16  dunder.o(i.__mathlib_dbl_invalid)
    __mathlib_dbl_overflow                   0x00005301   Thumb Code    16  dunder.o(i.__mathlib_dbl_overflow)
    __mathlib_dbl_underflow                  0x00005315   Thumb Code    14  dunder.o(i.__mathlib_dbl_underflow)
    __mathlib_flt_infnan2                    0x00005329   Thumb Code     8  funder.o(i.__mathlib_flt_infnan2)
    __mathlib_flt_underflow                  0x00005331   Thumb Code    14  funder.o(i.__mathlib_flt_underflow)
    atan                                     0x00005341   Thumb Code   472  atan.o(i.atan)
    atan2f                                   0x0000555d   Thumb Code   526  atan2f.o(i.atan2f)
    pow                                      0x000057b9   Thumb Code  2548  pow.o(i.pow)
    sqrt                                     0x000061b5   Thumb Code    66  sqrt.o(i.sqrt)
    __aeabi_cdrcmple                         0x000061fd   Thumb Code     0  drlef.o(x$fpl$drleqf)
    _drcmple                                 0x000061fd   Thumb Code   100  drlef.o(x$fpl$drleqf)
    __aeabi_fadd                             0x00006265   Thumb Code     0  faddsub.o(x$fpl$fadd)
    _fadd                                    0x00006265   Thumb Code   134  faddsub.o(x$fpl$fadd)
    __aeabi_cfcmpeq                          0x000062f1   Thumb Code     0  feqf.o(x$fpl$feqf)
    _fcmpeq                                  0x000062f1   Thumb Code    78  feqf.o(x$fpl$feqf)
    __aeabi_cfcmple                          0x00006345   Thumb Code     0  flef.o(x$fpl$fleqf)
    _fcmple                                  0x00006345   Thumb Code    78  flef.o(x$fpl$fleqf)
    __aeabi_fmul                             0x00006399   Thumb Code     0  fmul.o(x$fpl$fmul)
    _fmul                                    0x00006399   Thumb Code   172  fmul.o(x$fpl$fmul)
    __aeabi_cfrcmple                         0x00006449   Thumb Code     0  frlef.o(x$fpl$frleqf)
    _frcmple                                 0x00006449   Thumb Code    84  frlef.o(x$fpl$frleqf)
    __aeabi_frsub                            0x000064a1   Thumb Code     0  faddsub.o(x$fpl$frsb)
    _frsb                                    0x000064a1   Thumb Code    24  faddsub.o(x$fpl$frsb)
    __aeabi_fsub                             0x000064b9   Thumb Code     0  faddsub.o(x$fpl$fsub)
    _fsub                                    0x000064b9   Thumb Code   204  faddsub.o(x$fpl$fsub)
    __I$use$fp                               0x00006588   Number         0  usenofp.o(x$fpl$usenofp)
    sinTable_f32                             0x00006588   Data        2052  arm_common_tables.o(.constdata)
    __mathlib_zero                           0x00006f70   Data           8  qnan.o(.constdata)
    Region$$Table$$Base                      0x00006f78   Number         0  anon$$obj.o(Region$$Table)
    Region$$Table$$Limit                     0x00006f98   Number         0  anon$$obj.o(Region$$Table)
    x_gyro_offset                            0x1fffe040   Data           4  adafruit_modul.o(.data)
    y_gyro_offset                            0x1fffe044   Data           4  adafruit_modul.o(.data)
    z_gyro_offset                            0x1fffe048   Data           4  adafruit_modul.o(.data)
    x_acc_offset                             0x1fffe04c   Data           4  adafruit_modul.o(.data)
    y_acc_offset                             0x1fffe050   Data           4  adafruit_modul.o(.data)
    z_acc_offset                             0x1fffe054   Data           4  adafruit_modul.o(.data)
    bluetooth_receiver_active                0x1fffe064   Data           4  bluetooth_connection.o(.data)
    kp_angle_roll                            0x1fffe068   Data           4  controller.o(.data)
    ki_angle_roll                            0x1fffe06c   Data           4  controller.o(.data)
    kp_rate_roll                             0x1fffe070   Data           4  controller.o(.data)
    ki_rate_roll                             0x1fffe074   Data           4  controller.o(.data)
    kp_angle_pitch                           0x1fffe078   Data           4  controller.o(.data)
    ki_angle_pitch                           0x1fffe07c   Data           4  controller.o(.data)
    kp_rate_pitch                            0x1fffe080   Data           4  controller.o(.data)
    ki_rate_pitch                            0x1fffe084   Data           4  controller.o(.data)
    kp_angle_yaw                             0x1fffe088   Data           4  controller.o(.data)
    ki_angle_yaw                             0x1fffe08c   Data           4  controller.o(.data)
    kp_rate_yaw                              0x1fffe090   Data           4  controller.o(.data)
    ki_rate_yaw                              0x1fffe094   Data           4  controller.o(.data)
    state                                    0x1fffe0b8   Data           1  main.o(.data)
    DELTA_T                                  0x1fffe0bc   Data           4  main.o(.data)
    receiver_ready                           0x1fffe0c4   Data           4  receiver.o(.data)
    kalman_activated                         0x1fffe0c8   Data           4  receiver.o(.data)
    angle_controller_activated               0x1fffe0cc   Data           4  receiver.o(.data)
    __stderr                                 0x1fffe0d4   Data           4  retarget.o(.data)
    __stdin                                  0x1fffe0d8   Data           4  retarget.o(.data)
    __stdout                                 0x1fffe0dc   Data           4  retarget.o(.data)
    roll                                     0x1fffe104   Data           4  sensor_fusion.o(.data)
    pitch                                    0x1fffe108   Data           4  sensor_fusion.o(.data)
    yaw                                      0x1fffe10c   Data           4  sensor_fusion.o(.data)
    mcg_clk_hz                               0x1fffe110   Data           4  sysinit.o(.data)
    mcg_clk_khz                              0x1fffe114   Data           4  sysinit.o(.data)
    core_clk_khz                             0x1fffe118   Data           4  sysinit.o(.data)
    TPM0_Ticker                              0x1fffe120   Data           4  tpm_o.o(.data)
    acc_values                               0x1fffe124   Data          12  adafruit_modul.o(.bss)
    gyro_values                              0x1fffe130   Data          12  adafruit_modul.o(.bss)
    mag_values                               0x1fffe13c   Data          12  adafruit_modul.o(.bss)
    set_values                               0x1fffe1b0   Data          16  controller.o(.bss)
    roll_data                                0x1fffe218   Data          36  kalman_filter.o(.bss)
    pitch_data                               0x1fffe23c   Data          36  kalman_filter.o(.bss)
    yaw_data                                 0x1fffe260   Data          36  kalman_filter.o(.bss)
    sum_signal_array                         0x1fffe284   Data          12  receiver.o(.bss)
    __libspace_start                         0x1fffe29c   Data          96  libspace.o(.bss)
    __temporary_stack_top$libspace           0x1fffe2fc   Data           0  libspace.o(.bss)



==============================================================================

Memory Map of the image

  Image Entry point : 0x000000c1

  Load Region LR_IROM1 (Base: 0x00000000, Size: 0x000070bc, Max: 0x00040000, ABSOLUTE)

    Execution Region ER_IROM1 (Base: 0x00000000, Size: 0x00006f98, Max: 0x00040000, ABSOLUTE)

    Base Addr    Size         Type   Attr      Idx    E Section Name        Object

    0x00000000   0x000000c0   Data   RO            3    RESET               startup_mkl46z4.o
    0x000000c0   0x00000008   Code   RO          964  * !!!main             c_p.l(__main.o)
    0x000000c8   0x0000003c   Code   RO         1364    !!!scatter          c_p.l(__scatter.o)
    0x00000104   0x0000001a   Code   RO         1366    !!handler_copy      c_p.l(__scatter_copy.o)
    0x0000011e   0x00000002   PAD
    0x00000120   0x0000001c   Code   RO         1368    !!handler_zi        c_p.l(__scatter_zi.o)
    0x0000013c   0x00000002   Code   RO          953    .ARM.Collect$$_printf_percent$$00000000  c_p.l(_printf_percent.o)
    0x0000013e   0x00000004   Code   RO         1099    .ARM.Collect$$_printf_percent$$00000017  c_p.l(_printf_percent_end.o)
    0x00000142   0x00000002   Code   RO         1239    .ARM.Collect$$libinit$$00000000  c_p.l(libinit.o)
    0x00000144   0x00000000   Code   RO         1241    .ARM.Collect$$libinit$$00000002  c_p.l(libinit2.o)
    0x00000144   0x00000000   Code   RO         1243    .ARM.Collect$$libinit$$00000004  c_p.l(libinit2.o)
    0x00000144   0x00000000   Code   RO         1246    .ARM.Collect$$libinit$$0000000A  c_p.l(libinit2.o)
    0x00000144   0x00000000   Code   RO         1248    .ARM.Collect$$libinit$$0000000C  c_p.l(libinit2.o)
    0x00000144   0x00000000   Code   RO         1250    .ARM.Collect$$libinit$$0000000E  c_p.l(libinit2.o)
    0x00000144   0x00000000   Code   RO         1253    .ARM.Collect$$libinit$$00000011  c_p.l(libinit2.o)
    0x00000144   0x00000000   Code   RO         1255    .ARM.Collect$$libinit$$00000013  c_p.l(libinit2.o)
    0x00000144   0x00000000   Code   RO         1257    .ARM.Collect$$libinit$$00000015  c_p.l(libinit2.o)
    0x00000144   0x00000000   Code   RO         1259    .ARM.Collect$$libinit$$00000017  c_p.l(libinit2.o)
    0x00000144   0x00000000   Code   RO         1261    .ARM.Collect$$libinit$$00000019  c_p.l(libinit2.o)
    0x00000144   0x00000000   Code   RO         1263    .ARM.Collect$$libinit$$0000001B  c_p.l(libinit2.o)
    0x00000144   0x00000000   Code   RO         1265    .ARM.Collect$$libinit$$0000001D  c_p.l(libinit2.o)
    0x00000144   0x00000000   Code   RO         1267    .ARM.Collect$$libinit$$0000001F  c_p.l(libinit2.o)
    0x00000144   0x00000000   Code   RO         1269    .ARM.Collect$$libinit$$00000021  c_p.l(libinit2.o)
    0x00000144   0x00000000   Code   RO         1271    .ARM.Collect$$libinit$$00000023  c_p.l(libinit2.o)
    0x00000144   0x00000000   Code   RO         1273    .ARM.Collect$$libinit$$00000025  c_p.l(libinit2.o)
    0x00000144   0x00000000   Code   RO         1277    .ARM.Collect$$libinit$$0000002C  c_p.l(libinit2.o)
    0x00000144   0x00000000   Code   RO         1279    .ARM.Collect$$libinit$$0000002E  c_p.l(libinit2.o)
    0x00000144   0x00000000   Code   RO         1281    .ARM.Collect$$libinit$$00000030  c_p.l(libinit2.o)
    0x00000144   0x00000000   Code   RO         1283    .ARM.Collect$$libinit$$00000032  c_p.l(libinit2.o)
    0x00000144   0x00000002   Code   RO         1284    .ARM.Collect$$libinit$$00000033  c_p.l(libinit2.o)
    0x00000146   0x00000002   Code   RO         1329    .ARM.Collect$$libshutdown$$00000000  c_p.l(libshutdown.o)
    0x00000148   0x00000000   Code   RO         1348    .ARM.Collect$$libshutdown$$00000002  c_p.l(libshutdown2.o)
    0x00000148   0x00000000   Code   RO         1350    .ARM.Collect$$libshutdown$$00000004  c_p.l(libshutdown2.o)
    0x00000148   0x00000000   Code   RO         1353    .ARM.Collect$$libshutdown$$00000007  c_p.l(libshutdown2.o)
    0x00000148   0x00000000   Code   RO         1356    .ARM.Collect$$libshutdown$$0000000A  c_p.l(libshutdown2.o)
    0x00000148   0x00000000   Code   RO         1358    .ARM.Collect$$libshutdown$$0000000C  c_p.l(libshutdown2.o)
    0x00000148   0x00000000   Code   RO         1361    .ARM.Collect$$libshutdown$$0000000F  c_p.l(libshutdown2.o)
    0x00000148   0x00000002   Code   RO         1362    .ARM.Collect$$libshutdown$$00000010  c_p.l(libshutdown2.o)
    0x0000014a   0x00000000   Code   RO         1086    .ARM.Collect$$rtentry$$00000000  c_p.l(__rtentry.o)
    0x0000014a   0x00000000   Code   RO         1167    .ARM.Collect$$rtentry$$00000002  c_p.l(__rtentry2.o)
    0x0000014a   0x00000006   Code   RO         1179    .ARM.Collect$$rtentry$$00000004  c_p.l(__rtentry4.o)
    0x00000150   0x00000000   Code   RO         1169    .ARM.Collect$$rtentry$$00000009  c_p.l(__rtentry2.o)
    0x00000150   0x00000004   Code   RO         1170    .ARM.Collect$$rtentry$$0000000A  c_p.l(__rtentry2.o)
    0x00000154   0x00000000   Code   RO         1172    .ARM.Collect$$rtentry$$0000000C  c_p.l(__rtentry2.o)
    0x00000154   0x00000008   Code   RO         1173    .ARM.Collect$$rtentry$$0000000D  c_p.l(__rtentry2.o)
    0x0000015c   0x00000002   Code   RO         1290    .ARM.Collect$$rtexit$$00000000  c_p.l(rtexit.o)
    0x0000015e   0x00000000   Code   RO         1303    .ARM.Collect$$rtexit$$00000002  c_p.l(rtexit2.o)
    0x0000015e   0x00000004   Code   RO         1304    .ARM.Collect$$rtexit$$00000003  c_p.l(rtexit2.o)
    0x00000162   0x00000006   Code   RO         1305    .ARM.Collect$$rtexit$$00000004  c_p.l(rtexit2.o)
    0x00000168   0x00000038   Code   RO          954    .emb_text           c_p.l(rt_memcpy.o)
    0x000001a0   0x0000002c   Code   RO            5    .text               startup_mkl46z4.o
    0x000001cc   0x00000088   Code   RO          214    .text               buzzer.o
    0x00000254   0x00000160   Code   RO          259    .text               debug.o
    0x000003b4   0x00000044   Code   RO          599    .text               retarget.o
    0x000003f8   0x00000002   Code   RO          921    .text               c_p.l(use_no_semi.o)
    0x000003fa   0x00000006   Code   RO          962    .text               c_p.l(heapauxi.o)
    0x00000400   0x00000010   Code   RO            4    .ARM.__at_0x400     startup_mkl46z4.o
    0x00000410   0x00001180   Code   RO           76    .text               adafruit_modul.o
    0x00001590   0x000004e0   Code   RO          187    .text               bluetooth_connection.o
    0x00001a70   0x00000690   Code   RO          234    .text               controller.o
    0x00002100   0x000002b0   Code   RO          333    .text               filter.o
    0x000023b0   0x00000190   Code   RO          374    .text               i2c.o
    0x00002540   0x000001b8   Code   RO          394    .text               interrupt.o
    0x000026f8   0x000001a4   Code   RO          428    .text               kalman_filter.o
    0x0000289c   0x00000180   Code   RO          452    .text               led.o
    0x00002a1c   0x0000025c   Code   RO          510    .text               main.o
    0x00002c78   0x00000318   Code   RO          534    .text               mcg.o
    0x00002f90   0x000000bc   Code   RO          554    .text               pwm.o
    0x0000304c   0x00000264   Code   RO          574    .text               receiver.o
    0x000032b0   0x00000140   Code   RO          626    .text               sensor_fusion.o
    0x000033f0   0x000001b0   Code   RO          668    .text               sysinit.o
    0x000035a0   0x00000078   Code   RO          691    .text               systick.o
    0x00003618   0x0000014c   Code   RO          718    .text               tpm.o
    0x00003764   0x000001b0   Code   RO          737    .text               tpm_o.o
    0x00003914   0x000002e8   Code   RO          757    .text               uart.o
    0x00003bfc   0x0000007c   Code   RO          777    .text               arm_cortexM0l_math.lib(arm_cos_f32.o)
    0x00003c78   0x0000008c   Code   RO          823    .text               arm_cortexM0l_math.lib(arm_sin_f32.o)
    0x00003d04   0x0000001c   Code   RO          925    .text               c_p.l(noretval__2printf.o)
    0x00003d20   0x000000be   Code   RO          934    .text               c_p.l(__printf_ss.o)
    0x00003dde   0x00000082   Code   RO          955    .text               c_p.l(rt_memcpy.o)
    0x00003e60   0x000001e8   Code   RO          958    .text               c_p.l(aeabi_sdivfast.o)
    0x00004048   0x0000007c   Code   RO          966    .text               fz_ps.l(d2f.o)
    0x000040c4   0x00000358   Code   RO          968    .text               fz_ps.l(daddsub.o)
    0x0000441c   0x00000448   Code   RO          970    .text               fz_ps.l(ddiv.o)
    0x00004864   0x00000058   Code   RO          975    .text               fz_ps.l(dflti.o)
    0x000048bc   0x00000248   Code   RO          977    .text               fz_ps.l(dmul.o)
    0x00004b04   0x00000054   Code   RO          979    .text               fz_ps.l(f2d.o)
    0x00004b58   0x00000160   Code   RO          987    .text               fz_ps.l(fdiv.o)
    0x00004cb8   0x0000004c   Code   RO          992    .text               fz_ps.l(ffixi.o)
    0x00004d04   0x00000030   Code   RO          994    .text               fz_ps.l(ffixui.o)
    0x00004d34   0x0000005e   Code   RO          996    .text               fz_ps.l(fflti.o)
    0x00004d92   0x00000002   PAD
    0x00004d94   0x00000044   Code   RO         1004    .text               fz_ps.l(fscalbn.o)
    0x00004dd8   0x00000016   Code   RO         1091    .text               c_p.l(_rserrno.o)
    0x00004dee   0x00000002   PAD
    0x00004df0   0x00000028   Code   RO         1097    .text               c_p.l(_printf_char_file.o)
    0x00004e18   0x00000060   Code   RO         1106    .text               fz_ps.l(dscalbn.o)
    0x00004e78   0x00000100   Code   RO         1108    .text               fz_ps.l(dsqrt.o)
    0x00004f78   0x00000064   Code   RO         1110    .text               fz_ps.l(fcmpin.o)
    0x00004fdc   0x00000008   Code   RO         1191    .text               c_p.l(rt_errno_addr_intlibspace.o)
    0x00004fe4   0x00000030   Code   RO         1195    .text               c_p.l(_printf_char_common.o)
    0x00005014   0x0000002e   Code   RO         1210    .text               fz_ps.l(cmpret.o)
    0x00005042   0x00000002   PAD
    0x00005044   0x00000090   Code   RO         1212    .text               fz_ps.l(dcmpin.o)
    0x000050d4   0x00000010   Code   RO         1214    .text               fz_ps.l(fnan2.o)
    0x000050e4   0x00000008   Code   RO         1218    .text               c_p.l(libspace.o)
    0x000050ec   0x0000003e   Code   RO         1221    .text               c_p.l(sys_stackheap_outer.o)
    0x0000512a   0x00000010   Code   RO         1226    .text               c_p.l(exit.o)
    0x0000513a   0x00000002   PAD
    0x0000513c   0x00000014   Code   RO         1285    .text               fz_ps.l(dnan2.o)
    0x00005150   0x0000005e   Code   RO         1287    .text               fz_ps.l(retnan.o)
    0x000051ae   0x0000001c   Code   RO          206    i.__ARM_common_switch8  bluetooth_connection.o
    0x000051ca   0x00000002   PAD
    0x000051cc   0x0000002c   Code   RO         1132    i.__ARM_fpclassify  m_ps.l(fpclassify.o)
    0x000051f8   0x00000022   Code   RO         1134    i.__ARM_fpclassifyf  m_ps.l(fpclassifyf.o)
    0x0000521a   0x000000ac   Code   RO         1150    i.__kernel_poly     m_ps.l(poly.o)
    0x000052c6   0x00000002   PAD
    0x000052c8   0x00000014   Code   RO         1118    i.__mathlib_dbl_divzero  m_ps.l(dunder.o)
    0x000052dc   0x0000000a   Code   RO         1119    i.__mathlib_dbl_infnan  m_ps.l(dunder.o)
    0x000052e6   0x00000008   Code   RO         1120    i.__mathlib_dbl_infnan2  m_ps.l(dunder.o)
    0x000052ee   0x00000010   Code   RO         1121    i.__mathlib_dbl_invalid  m_ps.l(dunder.o)
    0x000052fe   0x00000002   PAD
    0x00005300   0x00000014   Code   RO         1122    i.__mathlib_dbl_overflow  m_ps.l(dunder.o)
    0x00005314   0x00000014   Code   RO         1124    i.__mathlib_dbl_underflow  m_ps.l(dunder.o)
    0x00005328   0x00000008   Code   RO         1138    i.__mathlib_flt_infnan2  m_ps.l(funder.o)
    0x00005330   0x0000000e   Code   RO         1142    i.__mathlib_flt_underflow  m_ps.l(funder.o)
    0x0000533e   0x00000002   PAD
    0x00005340   0x0000021c   Code   RO         1019    i.atan              m_ps.l(atan.o)
    0x0000555c   0x0000025c   Code   RO         1037    i.atan2f            m_ps.l(atan2f.o)
    0x000057b8   0x000009fc   Code   RO         1053    i.pow               m_ps.l(pow.o)
    0x000061b4   0x00000048   Code   RO         1071    i.sqrt              m_ps.l(sqrt.o)
    0x000061fc   0x00000068   Code   RO         1104    x$fpl$drleqf        fz_ps.l(drlef.o)
    0x00006264   0x0000008c   Code   RO          981    x$fpl$fadd          fz_ps.l(faddsub.o)
    0x000062f0   0x00000054   Code   RO          990    x$fpl$feqf          fz_ps.l(feqf.o)
    0x00006344   0x00000054   Code   RO          998    x$fpl$fleqf         fz_ps.l(flef.o)
    0x00006398   0x000000b0   Code   RO         1000    x$fpl$fmul          fz_ps.l(fmul.o)
    0x00006448   0x00000058   Code   RO         1002    x$fpl$frleqf        fz_ps.l(frlef.o)
    0x000064a0   0x00000018   Code   RO          982    x$fpl$frsb          fz_ps.l(faddsub.o)
    0x000064b8   0x000000d0   Code   RO          983    x$fpl$fsub          fz_ps.l(faddsub.o)
    0x00006588   0x00000000   Code   RO         1114    x$fpl$usenofp       fz_ps.l(usenofp.o)
    0x00006588   0x00000804   Data   RO          899    .constdata          arm_cortexM0l_math.lib(arm_common_tables.o)
    0x00006d8c   0x00000080   Data   RO          971    .constdata          fz_ps.l(ddiv.o)
    0x00006e0c   0x00000040   Data   RO          988    .constdata          fz_ps.l(fdiv.o)
    0x00006e4c   0x00000004   PAD
    0x00006e50   0x00000098   Data   RO         1020    .constdata          m_ps.l(atan.o)
    0x00006ee8   0x00000088   Data   RO         1054    .constdata          m_ps.l(pow.o)
    0x00006f70   0x00000008   Data   RO         1152    .constdata          m_ps.l(qnan.o)
    0x00006f78   0x00000020   Data   RO         1363    Region$$Table       anon$$obj.o


    Execution Region RW_IRAM1 (Base: 0x1fffe000, Size: 0x00002300, Max: 0x00008000, ABSOLUTE)

    Base Addr    Size         Type   Attr      Idx    E Section Name        Object

    0x1fffe000   0x00000058   Data   RW           78    .data               adafruit_modul.o
    0x1fffe058   0x00000010   Data   RW          189    .data               bluetooth_connection.o
    0x1fffe068   0x00000050   Data   RW          236    .data               controller.o
    0x1fffe0b8   0x0000000c   Data   RW          511    .data               main.o
    0x1fffe0c4   0x0000000d   Data   RW          576    .data               receiver.o
    0x1fffe0d1   0x00000003   PAD
    0x1fffe0d4   0x0000000c   Data   RW          600    .data               retarget.o
    0x1fffe0e0   0x00000030   Data   RW          627    .data               sensor_fusion.o
    0x1fffe110   0x0000000c   Data   RW          669    .data               sysinit.o
    0x1fffe11c   0x00000004   Data   RW          693    .data               systick.o
    0x1fffe120   0x00000004   Data   RW          738    .data               tpm_o.o
    0x1fffe124   0x00000024   Zero   RW           77    .bss                adafruit_modul.o
    0x1fffe148   0x00000068   Zero   RW          188    .bss                bluetooth_connection.o
    0x1fffe1b0   0x00000010   Zero   RW          235    .bss                controller.o
    0x1fffe1c0   0x00000032   Zero   RW          260    .bss                debug.o
    0x1fffe1f2   0x00000002   PAD
    0x1fffe1f4   0x00000024   Zero   RW          334    .bss                filter.o
    0x1fffe218   0x0000006c   Zero   RW          429    .bss                kalman_filter.o
    0x1fffe284   0x00000018   Zero   RW          575    .bss                receiver.o
    0x1fffe29c   0x00000060   Zero   RW         1219    .bss                c_p.l(libspace.o)
    0x1fffe2fc   0x00000004   PAD
    0x1fffe300   0x00000000   Zero   RW            2    HEAP                startup_mkl46z4.o
    0x1fffe300   0x00002000   Zero   RW            1    STACK               startup_mkl46z4.o


==============================================================================

Image component sizes


      Code (inc. data)   RO Data    RW Data    ZI Data      Debug   Object Name

         0          0          0          0          0     205756   acc.o
      4480        324          0         88         36      16497   adafruit_modul.o
      1276        210          0         16        104       4513   bluetooth_connection.o
       136         18          0          0          0        921   buzzer.o
      1680        162          0         80         16       4799   controller.o
       352         24          0          0         50       1788   debug.o
       688         52          0          0         36       1439   filter.o
       400         16          0          0          0       3672   i2c.o
       440        250          0          0          0       1230   interrupt.o
       420         34          0          0        108       1672   kalman_filter.o
       384         26          0          0          0       1193   led.o
       604         84          0         12          0       2303   main.o
       792         56          0          0          0       1603   mcg.o
       188         26          0          0          0        665   pwm.o
       612         72          0         13         24       2798   receiver.o
        68          0          0         12          0       2750   retarget.o
       320         66          0         48          0       1214   sensor_fusion.o
        60         34        192          0       8192        788   startup_mkl46z4.o
       432        190          0         12          0        812   sysinit.o
       120         16          0          4          0       1383   systick.o
       332         16          0          0          0       1976   tpm.o
       432         18          0          4          0       2297   tpm_o.o
       744         34          0          0          0       3421   uart.o

    ----------------------------------------------------------------------
     14962       1728        224        292       8568     265490   Object Totals
         0          0         32          0          0          0   (incl. Generated)
         2          0          0          3          2          0   (incl. Padding)

    ----------------------------------------------------------------------

      Code (inc. data)   RO Data    RW Data    ZI Data      Debug   Library Member Name

         0          0       2052          0          0       4688   arm_common_tables.o
       124         10          0          0          0      18842   arm_cos_f32.o
       140         14          0          0          0        838   arm_sin_f32.o
         8          0          0          0          0         68   __main.o
       190          0          0          0          0         76   __printf_ss.o
         0          0          0          0          0          0   __rtentry.o
        12          0          0          0          0          0   __rtentry2.o
         6          0          0          0          0          0   __rtentry4.o
        60          8          0          0          0          0   __scatter.o
        26          0          0          0          0          0   __scatter_copy.o
        28          0          0          0          0          0   __scatter_zi.o
        48          6          0          0          0         88   _printf_char_common.o
        40          6          0          0          0         72   _printf_char_file.o
         2          0          0          0          0          0   _printf_percent.o
         4          0          0          0          0          0   _printf_percent_end.o
        22          0          0          0          0         92   _rserrno.o
       488          0          0          0          0         92   aeabi_sdivfast.o
        16          0          0          0          0         68   exit.o
         6          0          0          0          0        136   heapauxi.o
         2          0          0          0          0          0   libinit.o
         2          0          0          0          0          0   libinit2.o
         2          0          0          0          0          0   libshutdown.o
         2          0          0          0          0          0   libshutdown2.o
         8          4          0          0         96         68   libspace.o
        28          6          0          0          0         84   noretval__2printf.o
         8          4          0          0          0         68   rt_errno_addr_intlibspace.o
       186          0          0          0          0        144   rt_memcpy.o
         2          0          0          0          0          0   rtexit.o
        10          0          0          0          0          0   rtexit2.o
        62          0          0          0          0         80   sys_stackheap_outer.o
         2          0          0          0          0         68   use_no_semi.o
        46          0          0          0          0         60   cmpret.o
       124          4          0          0          0         72   d2f.o
       856         20          0          0          0        208   daddsub.o
       144          4          0          0          0         76   dcmpin.o
      1096         26        128          0          0        112   ddiv.o
        88          0          0          0          0         92   dflti.o
       584         26          0          0          0         84   dmul.o
        20          6          0          0          0         68   dnan2.o
       104          4          0          0          0        104   drlef.o
        96         12          0          0          0         72   dscalbn.o
       256          8          0          0          0         76   dsqrt.o
        84          4          0          0          0         60   f2d.o
       372          8          0          0          0        240   faddsub.o
       100          4          0          0          0         68   fcmpin.o
       352         10         64          0          0         92   fdiv.o
        84          4          0          0          0         76   feqf.o
        76          0          0          0          0         68   ffixi.o
        48          0          0          0          0         60   ffixui.o
        94          0          0          0          0         92   fflti.o
        84          4          0          0          0         76   flef.o
       176          4          0          0          0         80   fmul.o
        16          6          0          0          0         68   fnan2.o
        88          4          0          0          0         76   frlef.o
        68          4          0          0          0         68   fscalbn.o
        94          0          0          0          0         68   retnan.o
         0          0          0          0          0          0   usenofp.o
       540         68        152          0          0        112   atan.o
       604         78          0          0          0        120   atan2f.o
        94         14          0          0          0        408   dunder.o
        44          4          0          0          0         60   fpclassify.o
        34          0          0          0          0         60   fpclassifyf.o
        22          0          0          0          0        136   funder.o
       172          0          0          0          0         76   poly.o
      2556        196        136          0          0        240   pow.o
         0          0          8          0          0          0   qnan.o
        72          6          0          0          0         76   sqrt.o

    ----------------------------------------------------------------------
     10838        586       2544          0        100      29076   Library Totals
        16          0          4          0          4          0   (incl. Padding)

    ----------------------------------------------------------------------

      Code (inc. data)   RO Data    RW Data    ZI Data      Debug   Library Name

       264         24       2052          0          0      24368   arm_cortexM0l_math.lib
      1270         34          0          0         96       1204   c_p.l
      5150        162        192          0          0       2216   fz_ps.l
      4138        366        296          0          0       1288   m_ps.l

    ----------------------------------------------------------------------
     10838        586       2544          0        100      29076   Library Totals

    ----------------------------------------------------------------------

==============================================================================


      Code (inc. data)   RO Data    RW Data    ZI Data      Debug   

     25800       2314       2768        292       8668     290470   Grand Totals
     25800       2314       2768        292       8668     290470   ELF Image Totals
     25800       2314       2768        292          0          0   ROM Totals

==============================================================================

    Total RO  Size (Code + RO Data)                28568 (  27.90kB)
    Total RW  Size (RW Data + ZI Data)              8960 (   8.75kB)
    Total ROM Size (Code + RO Data + RW Data)      28860 (  28.18kB)

==============================================================================

